15:36:32 [SCHED    967636ms] run_all: running=0
15:36:32 [MQTT] Status: Disconnected, Broker: 0.0.0.0
15:36:33 [SCHED    968636ms] run_all: running=0
15:36:34 [SCHED    969636ms] run_all: running=0
15:36:34 --- cfg-sonic: BEGINCFG|name=HCSR04|proto=gpio|gpio.mode=pulse|mode=poll|freq_hz=2|gpio.trig=16|gpio.echo=17|gpio.trig_us=10|gpio.pulse_timeout_us=25000|ENDCFG
15:36:35 [SCHED    970636ms] run_all: running=0
15:36:36 [SCHED    971637ms] run_all: running=0
15:36:37 OK: Config applied (inline, delim='|')
15:36:37 [SCHED    972663ms] add[0]: HCSR04 on gpio freq=2.000Hz mode=poll method=pulse GPIO(pin=2)
15:36:37 [SCHED] added: HCSR04 on gpio
15:36:37 CFG: ok (added #0: HCSR04)
15:36:37 [SCHED    972663ms] run_all: running=0
15:36:37 [MQTT] Status: Disconnected, Broker: 0.0.0.0
15:36:37 --- sonic-read: RUN
15:36:38 RUN
15:36:38 [SCHED    973663ms] run_all: running=1
15:36:38 [SCHED    973663ms] arm[0/HCSR04]: next_run reset to NOW
15:36:38 [SCHED    973689ms] publish[0/HCSR04]: 1 bytes via gpio
15:36:38 proto=gpio src=HCSR04 len=1 ts=973689 : 00
15:36:39 [SCHED    974689ms] run_all: running=1
15:36:39 [SCHED    974714ms] publish[0/HCSR04]: 1 bytes via gpio
15:36:39 proto=gpio src=HCSR04 len=1 ts=974714 : 00
15:36:40 [SCHED    975714ms] run_all: running=1
15:36:40 [SCHED    975739ms] publish[0/HCSR04]: 1 bytes via gpio
15:36:40 proto=gpio src=HCSR04 len=1 ts=975740 : 00
15:36:41 [SCHED    976740ms] run_all: running=1
15:36:41 [SCHED    976765ms] publish[0/HCSR04]: 1 bytes via gpio
15:36:41 proto=gpio src=HCSR04 len=1 ts=976765 : 00
15:36:42 [SCHED    977765ms] run_all: running=1
15:36:42 [SCHED    977790ms] publish[0/HCSR04]: 1 bytes via gpio
15:36:42 proto=gpio src=HCSR04 len=1 ts=977790 : 00
15:36:42 [MQTT] Status: Disconnected, Broker: 0.0.0.0
15:36:43 [SCHED    978791ms] run_all: running=1
15:36:43 [SCHED    978816ms] publish[0/HCSR04]: 1 bytes via gpio
15:36:43 proto=gpio src=HCSR04 len=1 ts=978816 : 00
15:36:44 [SCHED    979816ms] run_all: running=1
15:36:44 [SCHED    979841ms] publish[0/HCSR04]: 1 bytes via gpio
15:36:44 proto=gpio src=HCSR04 len=1 ts=979841 : 00
15:36:45 [SCHED    980841ms] run_all: running=1
15:36:45 [SCHED    980867ms] publish[0/HCSR04]: 1 bytes via gpio
15:36:45 proto=gpio src=HCSR04 len=1 ts=980867 : 00
15:36:46 [SCHED    981867ms] run_all: running=1
15:36:46 [SCHED    981892ms] publish[0/HCSR04]: 1 bytes via gpio
15:36:46 proto=gpio src=HCSR04 len=1 ts=981892 : 00
15:36:47 [SCHED    982892ms] run_all: running=1
15:36:47 [SCHED    982917ms] publish[0/HCSR04]: 1 bytes via gpio
15:36:47 proto=gpio src=HCSR04 len=1 ts=982918 : 00
15:36:47 [MQTT] Status: Disconnected, Broker: 0.0.0.0
15:36:48 [SCHED    983918ms] run_all: running=1
15:36:48 [SCHED    983943ms] publish[0/HCSR04]: 1 bytes via gpio
15:36:48 proto=gpio src=HCSR04 len=1 ts=983943 : 00
15:36:49 [SCHED    984943ms] run_all: running=1
15:36:49 [SCHED    984968ms] publish[0/HCSR04]: 1 bytes via gpio
15:36:49 proto=gpio src=HCSR04 len=1 ts=984968 : 00
15:36:50 [SCHED    985969ms] run_all: running=1
15:36:50 [SCHED    985994ms] publish[0/HCSR04]: 1 bytes via gpio
15:36:50 proto=gpio src=HCSR04 len=1 ts=985994 : 00
15:36:51 [SCHED    986994ms] run_all: running=1
15:36:51 [SCHED    987019ms] publish[0/HCSR04]: 1 bytes via gpio
15:36:51 proto=gpio src=HCSR04 len=1 ts=987019 : 00
15:36:52 [SCHED    988019ms] run_all: running=1
15:36:52 [SCHED    988045ms] publish[0/HCSR04]: 1 bytes via gpio
15:36:52 proto=gpio src=HCSR04 len=1 ts=988045 : 00
15:36:52 [MQTT] Status: Disconnected, Broker: 0.0.0.0
15:36:53 [SCHED    989045ms] run_all: running=1
15:36:53 [SCHED    989070ms] publish[0/HCSR04]: 1 bytes via gpio
15:36:53 proto=gpio src=HCSR04 len=1 ts=989070 : 00
15:36:54 [SCHED    990070ms] run_all: running=1
15:36:54 [SCHED    990095ms] publish[0/HCSR04]: 1 bytes via gpio
15:36:54 proto=gpio src=HCSR04 len=1 ts=990096 : 00
15:36:55 [SCHED    991096ms] run_all: running=1
15:36:55 [SCHED    991121ms] publish[0/HCSR04]: 1 bytes via gpio
15:36:55 proto=gpio src=HCSR04 len=1 ts=991121 : 00
15:36:56 [SCHED    992121ms] run_all: running=1
15:36:56 [SCHED    992146ms] publish[0/HCSR04]: 1 bytes via gpio
15:36:56 proto=gpio src=HCSR04 len=1 ts=992146 : 00
15:36:57 [SCHED    993147ms] run_all: running=1
15:36:57 [SCHED    993172ms] publish[0/HCSR04]: 1 bytes via gpio
15:36:57 proto=gpio src=HCSR04 len=1 ts=993172 : 00
15:36:57 [MQTT] Status: Disconnected, Broker: 0.0.0.0
15:36:58 [SCHED    994172ms] run_all: running=1
15:36:58 [SCHED    994197ms] publish[0/HCSR04]: 1 bytes via gpio
15:36:58 proto=gpio src=HCSR04 len=1 ts=994197 : 00
15:36:59 [SCHED    995197ms] run_all: running=1
15:36:59 [SCHED    995223ms] publish[0/HCSR04]: 1 bytes via gpio
15:36:59 proto=gpio src=HCSR04 len=1 ts=995223 : 00
15:37:00 [SCHED    996223ms] run_all: running=1
15:37:00 [SCHED    996248ms] publish[0/HCSR04]: 1 bytes via gpio
15:37:00 proto=gpio src=HCSR04 len=1 ts=996248 : 00
15:37:01 [SCHED    997248ms] run_all: running=1
15:37:01 [SCHED    997273ms] publish[0/HCSR04]: 1 bytes via gpio
15:37:01 proto=gpio src=HCSR04 len=1 ts=997274 : 00
15:37:02 [SCHED    998274ms] run_all: running=1
15:37:02 [SCHED    998299ms] publish[0/HCSR04]: 1 bytes via gpio
15:37:02 proto=gpio src=HCSR04 len=1 ts=998299 : 00
15:37:02 [MQTT] Status: Disconnected, Broker: 0.0.0.0
15:37:03 [SCHED    999299ms] run_all: running=1
15:37:03 [SCHED    999324ms] publish[0/HCSR04]: 1 bytes via gpio
15:37:03 proto=gpio src=HCSR04 len=1 ts=999324 : 00
15:37:04 [SCHED   1000325ms] run_all: running=1
15:37:04 [SCHED   1000350ms] publish[0/HCSR04]: 1 bytes via gpio
15:37:04 proto=gpio src=HCSR04 len=1 ts=1000350 : 00
15:37:05 [SCHED   1001350ms] run_all: running=1
15:37:05 [SCHED   1001375ms] publish[0/HCSR04]: 1 bytes via gpio
15:37:05 proto=gpio src=HCSR04 len=1 ts=1001375 : 00
15:37:06 [SCHED   1002376ms] run_all: running=1
15:37:06 [SCHED   1002401ms] publish[0/HCSR04]: 1 bytes via gpio
15:37:06 proto=gpio src=HCSR04 len=1 ts=1002401 : 00
15:37:07 [SCHED   1003401ms] run_all: running=1
15:37:07 [SCHED   1003426ms] publish[0/HCSR04]: 1 bytes via gpio
15:37:07 proto=gpio src=HCSR04 len=1 ts=1003426 : 00
15:37:07 [MQTT] Status: Disconnected, Broker: 0.0.0.0
15:37:08 [SCHED   1004426ms] run_all: running=1
15:37:08 [SCHED   1004452ms] publish[0/HCSR04]: 1 bytes via gpio
15:37:08 proto=gpio src=HCSR04 len=1 ts=1004452 : 00
15:37:10 [SCHED   1005452ms] run_all: running=1
15:37:10 [SCHED   1005477ms] publish[0/HCSR04]: 1 bytes via gpio
15:37:10 proto=gpio src=HCSR04 len=1 ts=1005477 : 00
15:37:10 [SCHED   1006477ms] run_all: running=1
15:37:11 [SCHED   1006502ms] publish[0/HCSR04]: 1 bytes via gpio
15:37:11 proto=gpio src=HCSR04 len=1 ts=1006502 : 00
15:37:11 [SCHED   1007503ms] run_all: running=1
15:37:12 [SCHED   1007528ms] publish[0/HCSR04]: 1 bytes via gpio
15:37:12 proto=gpio src=HCSR04 len=1 ts=1007528 : 00
15:37:13 [SCHED   1008528ms] run_all: running=1
15:37:13 [SCHED   1008553ms] publish[0/HCSR04]: 1 bytes via gpio
15:37:13 proto=gpio src=HCSR04 len=1 ts=1008553 : 00
15:37:13 [MQTT] Status: Disconnected, Broker: 0.0.0.0
15:37:14 [SCHED   1009553ms] run_all: running=1
15:37:14 [SCHED   1009579ms] publish[0/HCSR04]: 1 bytes via gpio
15:37:14 proto=gpio src=HCSR04 len=1 ts=1009579 : 00
15:37:15 [SCHED   1010579ms] run_all: running=1
15:37:15 [SCHED   1010604ms] publish[0/HCSR04]: 1 bytes via gpio
15:37:15 proto=gpio src=HCSR04 len=1 ts=1010604 : 00
15:37:16 [SCHED   1011604ms] run_all: running=1
15:37:16 [SCHED   1011629ms] publish[0/HCSR04]: 1 bytes via gpio
15:37:16 proto=gpio src=HCSR04 len=1 ts=1011630 : 00
15:37:17 [SCHED   1012630ms] run_all: running=1
15:37:17 [SCHED   1012655ms] publish[0/HCSR04]: 1 bytes via gpio
15:37:17 proto=gpio src=HCSR04 len=1 ts=1012655 : 00
15:37:18 [SCHED   1013655ms] run_all: running=1
15:37:18 [SCHED   1013680ms] publish[0/HCSR04]: 1 bytes via gpio
15:37:18 proto=gpio src=HCSR04 len=1 ts=1013680 : 00
15:37:18 [MQTT] Status: Disconnected, Broker: 0.0.0.0
15:37:19 [SCHED   1014681ms] run_all: running=1
15:37:19 [SCHED   1014706ms] publish[0/HCSR04]: 1 bytes via gpio
15:37:19 proto=gpio src=HCSR04 len=1 ts=1014706 : 00
15:37:20 [SCHED   1015706ms] run_all: running=1
15:37:20 [SCHED   1015731ms] publish[0/HCSR04]: 1 bytes via gpio
15:37:20 proto=gpio src=HCSR04 len=1 ts=1015731 : 00
15:37:21 [SCHED   1016731ms] run_all: running=1
15:37:21 [SCHED   1016757ms] publish[0/HCSR04]: 1 bytes via gpio
15:37:21 proto=gpio src=HCSR04 len=1 ts=1016757 : 00
15:37:22 [SCHED   1017757ms] run_all: running=1
15:37:22 [SCHED   1017782ms] publish[0/HCSR04]: 1 bytes via gpio
15:37:22 proto=gpio src=HCSR04 len=1 ts=1017782 : 00
15:37:22 --- stop-sonic: STOP
15:37:23 STOP
15:37:23 [SCHED   1018782ms] run_all: running=0
15:37:23 [MQTT] Status: Disconnected, Broker: 0.0.0.0
15:37:24 [SCHED   1019783ms] run_all: running=0
15:37:25 [SCHED   1020783ms] run_all: running=0
15:37:25 --- clear-sonic: CLEAR
15:37:26 [SCHED   1021783ms] reset: cleared 8 slots
15:37:26 [RULE] reset
15:37:26 CLEARED
15:37:26 [SCHED   1021783ms] run_all: running=0
15:37:27 [SCHED   1022784ms] run_all: running=0
