19:02:43 [SCHED    950914ms] run_all: running=0
19:02:44 Unknown: AAAAAAAAAAAAAAAAAAAAAAAAAAAAAAAAAAAAAAAAAAAAAAAAAAAAAAAAAAAAAAAA
19:02:44 [SCHED    951914ms] run_all: running=0
19:02:45 [SCHED    952914ms] run_all: running=0
19:02:45 --- clear-0: CLEAR
19:02:46 [SCHED    953914ms] reset: cleared 8 slots
19:02:46 [RULE] reset
19:02:46 CLEARED
19:02:46 [SCHED    953915ms] run_all: running=0
19:02:47 [SCHED    954915ms] run_all: running=0
19:02:47 [MQTT] Status: Disconnected, Broker: 0.0.0.0
19:02:48 --- neg-proto: BEGINCFG|name=BADP|proto=spi|mode=poll|freq_hz=1|ENDCFG
19:02:48 OK: Config applied (inline, delim='|')
19:02:48 [I2C] pre_len=0 :
19:02:48 [SCHED    955916ms] add[0]: BADP on i2c freq=1.000Hz mode=poll I2C(sda=4,scl=5,addr=0x76,reg=0x0,len=1)
19:02:48 [SCHED] added: BADP on i2c
19:02:48 CFG: ok (added #0: BADP)
19:02:48 [SCHED    955916ms] run_all: running=0
19:02:49 [SCHED    956916ms] run_all: running=0
19:02:50 [SCHED    957916ms] run_all: running=0
19:02:51 --- neg-i2c-nodev: BEGINCFG|name=NODEV|proto=i2c|mode=poll|freq_hz=1|i2c.sda=16|i2c.scl=17|i2c.addr=0x29|i2c.pre=0x80 0x03|i2c.reg=0x8A|i2c.reg_size=1|i2c.read_len=1|i2c.restart=1|ENDCFG
19:02:51 [SCHED    958917ms] run_all: running=0
19:02:52 [SCHED    959917ms] run_all: running=0
19:02:52 [MQTT] Status: Disconnected, Broker: 0.0.0.0
19:02:53 OK: Config applied (inline, delim='|')
19:02:53 [I2C] pre_len=2 : 80 03
19:02:53 [I2C] pre write failed (sz=2 err=-1)
19:02:53 [I2C] init pre-writes failed r=-1
19:02:53 [SCHED    960918ms] add[1]: init_cfg FAILED for NODEV on i2c
19:02:53 CFG: add failed (-2)
19:02:53 [SCHED    960919ms] run_all: running=0
19:02:53 --- neg-nopin: BEGINCFG|name=NOPIN|proto=gpio|gpio.mode=digital|mode=poll|freq_hz=1|ENDCFG
19:02:54 [SCHED    961919ms] run_all: running=0
19:02:55 OK: Config applied (inline, delim='|')
19:02:55 [SCHED    962920ms] add[1]: NOPIN on gpio freq=1.000Hz mode=poll method=digital GPIO(pin=2)
19:02:55 [SCHED] added: NOPIN on gpio
19:02:55 CFG: ok (added #1: NOPIN)
19:02:55 [SCHED    962920ms] run_all: running=0
19:02:56 --- clear-1: CLEAR
19:02:56 [SCHED    963920ms] reset: cleared 8 slots
19:02:56 [RULE] reset
19:02:56 CLEARED
19:02:56 [SCHED    963921ms] run_all: running=0
19:02:57 [SCHED    964921ms] run_all: running=0
19:02:57 [MQTT] Status: Disconnected, Broker: 0.0.0.0
19:02:58 [SCHED    965921ms] run_all: running=0
19:02:58 --- slot-1: BEGINCFG|name=S1|proto=gpio|gpio.mode=digital|gpio.pin=22|gpio.pull=down|mode=poll|freq_hz=1|ENDCFG
19:02:59 [SCHED    966921ms] run_all: running=0
19:03:00 OK: Config applied (inline, delim='|')
19:03:00 [SCHED    967922ms] add[0]: S1 on gpio freq=1.000Hz mode=poll method=digital GPIO(pin=22)
19:03:00 [SCHED] added: S1 on gpio
19:03:00 CFG: ok (added #0: S1)
19:03:00 [SCHED    967923ms] run_all: running=0
19:03:01 --- slot-2: BEGINCFG|name=S2|proto=gpio|gpio.mode=digital|gpio.pin=22|gpio.pull=down|mode=poll|freq_hz=1|ENDCFG
19:03:01 [SCHED    968923ms] run_all: running=0
19:03:02 OK: Config applied (inline, delim='|')
19:03:02 [SCHED    969924ms] add[1]: S2 on gpio freq=1.000Hz mode=poll method=digital GPIO(pin=22)
19:03:02 [SCHED] added: S2 on gpio
19:03:02 CFG: ok (added #1: S2)
19:03:02 [SCHED    969924ms] run_all: running=0
19:03:02 [MQTT] Status: Disconnected, Broker: 0.0.0.0
19:03:03 [SCHED    970924ms] run_all: running=0
19:03:03 --- slot-3: BEGINCFG|name=S3|proto=gpio|gpio.mode=digital|gpio.pin=22|gpio.pull=down|mode=poll|freq_hz=1|ENDCFG
19:03:04 [SCHED    971925ms] run_all: running=0
19:03:05 OK: Config applied (inline, delim='|')
19:03:05 [SCHED    972925ms] add[2]: S3 on gpio freq=1.000Hz mode=poll method=digital GPIO(pin=22)
19:03:05 [SCHED] added: S3 on gpio
19:03:05 CFG: ok (added #2: S3)
19:03:05 [SCHED    972926ms] run_all: running=0
19:03:06 [SCHED    973926ms] run_all: running=0
19:03:06 --- slot-4: BEGINCFG|name=S4|proto=gpio|gpio.mode=digital|gpio.pin=22|gpio.pull=down|mode=poll|freq_hz=1|ENDCFG
19:03:07 [SCHED    974926ms] run_all: running=0
19:03:07 [MQTT] Status: Disconnected, Broker: 0.0.0.0
19:03:08 OK: Config applied (inline, delim='|')
19:03:08 [SCHED    975927ms] add[3]: S4 on gpio freq=1.000Hz mode=poll method=digital GPIO(pin=22)
19:03:08 [SCHED] added: S4 on gpio
19:03:08 CFG: ok (added #3: S4)
19:03:08 [SCHED    975927ms] run_all: running=0
19:03:09 --- slot-5: BEGINCFG|name=S5|proto=gpio|gpio.mode=digital|gpio.pin=22|gpio.pull=down|mode=poll|freq_hz=1|ENDCFG
19:03:09 [SCHED    976928ms] run_all: running=0
19:03:10 OK: Config applied (inline, delim='|')
19:03:10 [SCHED    977929ms] add[4]: S5 on gpio freq=1.000Hz mode=poll method=digital GPIO(pin=22)
19:03:10 [SCHED] added: S5 on gpio
19:03:10 CFG: ok (added #4: S5)
19:03:10 [SCHED    977929ms] run_all: running=0
19:03:11 [SCHED    978929ms] run_all: running=0
19:03:11 --- slot-6: BEGINCFG|name=S6|proto=gpio|gpio.mode=digital|gpio.pin=22|gpio.pull=down|mode=poll|freq_hz=1|ENDCFG
19:03:12 [SCHED    979929ms] run_all: running=0
19:03:12 [MQTT] Status: Disconnected, Broker: 0.0.0.0
19:03:13 OK: Config applied (inline, delim='|')
19:03:13 [SCHED    980930ms] add[5]: S6 on gpio freq=1.000Hz mode=poll method=digital GPIO(pin=22)
19:03:13 [SCHED] added: S6 on gpio
19:03:13 CFG: ok (added #5: S6)
19:03:13 [SCHED    980931ms] run_all: running=0
19:03:14 --- slot-7: BEGINCFG|name=S7|proto=gpio|gpio.mode=digital|gpio.pin=22|gpio.pull=down|mode=poll|freq_hz=1|ENDCFG
19:03:14 [SCHED    981931ms] run_all: running=0
19:03:15 OK: Config applied (inline, delim='|')
19:03:15 [SCHED    982932ms] add[6]: S7 on gpio freq=1.000Hz mode=poll method=digital GPIO(pin=22)
19:03:15 [SCHED] added: S7 on gpio
19:03:15 CFG: ok (added #6: S7)
19:03:15 [SCHED    982932ms] run_all: running=0
19:03:16 [SCHED    983932ms] run_all: running=0
19:03:16 --- slot-8: BEGINCFG|name=S8|proto=gpio|gpio.mode=digital|gpio.pin=22|gpio.pull=down|mode=poll|freq_hz=1|ENDCFG
19:03:17 [SCHED    984933ms] run_all: running=0
19:03:17 [MQTT] Status: Disconnected, Broker: 0.0.0.0
19:03:18 OK: Config applied (inline, delim='|')
19:03:18 [SCHED    985933ms] add[7]: S8 on gpio freq=1.000Hz mode=poll method=digital GPIO(pin=22)
19:03:18 [SCHED] added: S8 on gpio
19:03:18 CFG: ok (added #7: S8)
19:03:18 [SCHED    985934ms] run_all: running=0
19:03:19 [SCHED    986934ms] run_all: running=0
19:03:19 --- neg-slots: BEGINCFG|name=S9|proto=gpio|gpio.mode=digital|gpio.pin=22|gpio.pull=down|mode=poll|freq_hz=1|ENDCFG
19:03:20 [SCHED    987934ms] run_all: running=0
19:03:21 OK: Config applied (inline, delim='|')
19:03:21 [SCHED    988935ms] add: no free slots
19:03:21 [SCHED] no free slots
19:03:21 CFG: add failed (-10)
19:03:21 [SCHED    988935ms] run_all: running=0
19:03:22 --- neg-rule-nosource: BEGINRULE|name=RN|calc=x=u8(0)|when=1|action=log:x|ENDRULE
19:03:22 [RULE] missing source=
19:03:22 RULE: parse error
19:03:22 [SCHED    989936ms] run_all: running=0
19:03:22 [MQTT] Status: Disconnected, Broker: 0.0.0.0
19:03:23 [SCHED    990936ms] run_all: running=0
19:03:24 [SCHED    991936ms] run_all: running=0
19:03:24 --- rule-1: BEGINRULE|name=R1|source=S1|calc=x=u8(0)|when=1|action=log:ok1|ENDRULE
19:03:25 [SCHED    992937ms] run_all: running=0
19:03:26 [RULE] added name=R1 src=S1 vars=1 action=log:ok1
19:03:26 RULE: ok
19:03:26 [SCHED    993938ms] run_all: running=0
19:03:27 --- rule-2: BEGINRULE|name=R2|source=S1|calc=x=u8(0)|when=1|action=log:ok2|ENDRULE
19:03:27 [SCHED    994938ms] run_all: running=0
19:03:27 [MQTT] Status: Disconnected, Broker: 0.0.0.0
19:03:28 [RULE] added name=R2 src=S1 vars=1 action=log:ok2
19:03:28 RULE: ok
19:03:28 [SCHED    995939ms] run_all: running=0
19:03:29 [SCHED    996939ms] run_all: running=0
19:03:29 --- rule-3: BEGINRULE|name=R3|source=S1|calc=x=u8(0)|when=1|action=log:ok3|ENDRULE
19:03:30 [SCHED    997940ms] run_all: running=0
19:03:31 [RULE] added name=R3 src=S1 vars=1 action=log:ok3
19:03:31 RULE: ok
19:03:31 [SCHED    998940ms] run_all: running=0
19:03:32 [SCHED    999940ms] run_all: running=0
19:03:32 [MQTT] Status: Disconnected, Broker: 0.0.0.0
19:03:32 --- rule-4-badpin: BEGINRULE|name=R4|source=S1|calc=x=u8(0)|when=1|action=gpio:X=HIGH|ENDRULE
19:03:33 [SCHED   1000941ms] run_all: running=0
19:03:34 [RULE] added name=R4 src=S1 vars=1 action=gpio:X=HIGH
19:03:34 RULE: ok
19:03:34 [SCHED   1001942ms] run_all: running=0
19:03:35 --- neg-rule-full: BEGINRULE|name=R5|source=S1|calc=x=u8(0)|when=1|action=log:no|ENDRULE
19:03:35 [SCHED   1002942ms] run_all: running=0
19:03:36 [RULE] table full
19:03:36 RULE: parse error
19:03:36 [SCHED   1003943ms] run_all: running=0
19:03:37 [SCHED   1004943ms] run_all: running=0
19:03:37 [MQTT] Status: Disconnected, Broker: 0.0.0.0
19:03:37 --- neg-badpin-run: RUN
19:03:38 RUN
19:03:38 [SCHED   1005943ms] run_all: running=1
19:03:38 [SCHED   1005943ms] arm[0/S1]: next_run reset to NOW
19:03:38 [SCHED   1005943ms] arm[1/S2]: next_run reset to NOW
19:03:38 [SCHED   1005943ms] arm[2/S3]: next_run reset to NOW
19:03:38 [SCHED   1005944ms] arm[3/S4]: next_run reset to NOW
19:03:38 [SCHED   1005944ms] arm[4/S5]: next_run reset to NOW
19:03:38 [SCHED   1005944ms] arm[5/S6]: next_run reset to NOW
19:03:38 [SCHED   1005944ms] arm[6/S7]: next_run reset to NOW
19:03:38 [SCHED   1005944ms] arm[7/S8]: next_run reset to NOW
19:03:38 [SCHED   1005944ms] publish[0/S1]: 3 bytes via gpio
19:03:38 proto=gpio src=S1 len=3 ts=1005944 : 01 86 94
19:03:38 [RULE] R1: ok1 (value=1.000 ts=1005944)
19:03:38 [RULE] R2: ok2 (value=1.000 ts=1005944)
19:03:38 [RULE] R3: ok3 (value=1.000 ts=1005944)
19:03:38 [RULE] R4: bad gpio pin in action='gpio:X=HIGH'
19:03:38 [TRACE] Total Rule Eval (S1): 627us
19:03:38 [SCHED   1005945ms] publish[1/S2]: 3 bytes via gpio
19:03:38 proto=gpio src=S2 len=3 ts=1005945 : 01 B5 8C
19:03:38 [SCHED   1005945ms] publish[2/S3]: 3 bytes via gpio
19:03:38 proto=gpio src=S3 len=3 ts=1005945 : 01 FC 80
19:03:38 [SCHED   1005946ms] publish[3/S4]: 3 bytes via gpio
19:03:38 proto=gpio src=S4 len=3 ts=1005946 : 01 43 75
19:03:38 [SCHED   1005946ms] publish[4/S5]: 3 bytes via gpio
19:03:38 proto=gpio src=S5 len=3 ts=1005946 : 01 71 6D
19:03:38 [SCHED   1005946ms] publish[5/S6]: 3 bytes via gpio
19:03:38 proto=gpio src=S6 len=3 ts=1005946 : 01 B8 61
19:03:38 [SCHED   1005946ms] publish[6/S7]: 3 bytes via gpio
19:03:38 proto=gpio src=S7 len=3 ts=1005946 : 01 E6 59
19:03:38 [SCHED   1005947ms] publish[7/S8]: 3 bytes via gpio
19:03:38 proto=gpio src=S8 len=3 ts=1005947 : 01 2D 4E
19:03:39 [SCHED   1006947ms] run_all: running=1
19:03:39 [SCHED   1006947ms] publish[0/S1]: 3 bytes via gpio
19:03:39 proto=gpio src=S1 len=3 ts=1006947 : 01 71 98
19:03:39 [RULE] R1: ok1 (value=1.000 ts=1006947)
19:03:39 [RULE] R2: ok2 (value=1.000 ts=1006947)
19:03:39 [RULE] R3: ok3 (value=1.000 ts=1006947)
19:03:39 [RULE] R4: bad gpio pin in action='gpio:X=HIGH'
19:03:39 [TRACE] Total Rule Eval (S1): 485us
19:03:39 [SCHED   1006948ms] publish[1/S2]: 3 bytes via gpio
19:03:39 proto=gpio src=S2 len=3 ts=1006948 : 01 A0 90
19:03:39 [SCHED   1006948ms] publish[2/S3]: 3 bytes via gpio
19:03:39 proto=gpio src=S3 len=3 ts=1006948 : 01 E7 84
19:03:39 [SCHED   1006948ms] publish[3/S4]: 3 bytes via gpio
19:03:39 proto=gpio src=S4 len=3 ts=1006948 : 01 2D 79
19:03:39 [SCHED   1006949ms] publish[4/S5]: 3 bytes via gpio
19:03:39 proto=gpio src=S5 len=3 ts=1006949 : 01 5C 71
19:03:39 [SCHED   1006949ms] publish[5/S6]: 3 bytes via gpio
19:03:39 proto=gpio src=S6 len=3 ts=1006949 : 01 A3 65
19:03:39 [SCHED   1006949ms] publish[6/S7]: 3 bytes via gpio
19:03:39 proto=gpio src=S7 len=3 ts=1006949 : 01 D1 5D
19:03:39 [SCHED   1006949ms] publish[7/S8]: 3 bytes via gpio
19:03:39 proto=gpio src=S8 len=3 ts=1006950 : 01 18 52
19:03:40 [SCHED   1007950ms] run_all: running=1
19:03:40 [SCHED   1007950ms] publish[0/S1]: 3 bytes via gpio
19:03:40 proto=gpio src=S1 len=3 ts=1007950 : 01 5C 9C
19:03:40 [RULE] R1: ok1 (value=1.000 ts=1007950)
19:03:40 [RULE] R2: ok2 (value=1.000 ts=1007950)
19:03:40 [RULE] R3: ok3 (value=1.000 ts=1007950)
19:03:40 [RULE] R4: bad gpio pin in action='gpio:X=HIGH'
19:03:40 [TRACE] Total Rule Eval (S1): 501us
19:03:40 [SCHED   1007951ms] publish[1/S2]: 3 bytes via gpio
19:03:40 proto=gpio src=S2 len=3 ts=1007951 : 01 8B 94
19:03:40 [SCHED   1007951ms] publish[2/S3]: 3 bytes via gpio
19:03:40 proto=gpio src=S3 len=3 ts=1007951 : 01 D2 88
19:03:40 [SCHED   1007951ms] publish[3/S4]: 3 bytes via gpio
19:03:40 proto=gpio src=S4 len=3 ts=1007951 : 01 18 7D
19:03:40 [SCHED   1007952ms] publish[4/S5]: 3 bytes via gpio
19:03:40 proto=gpio src=S5 len=3 ts=1007952 : 01 47 75
19:03:40 [SCHED   1007952ms] publish[5/S6]: 3 bytes via gpio
19:03:40 proto=gpio src=S6 len=3 ts=1007952 : 01 8E 69
19:03:40 [SCHED   1007952ms] publish[6/S7]: 3 bytes via gpio
19:03:40 proto=gpio src=S7 len=3 ts=1007952 : 01 BC 61
19:03:40 [SCHED   1007952ms] publish[7/S8]: 3 bytes via gpio
19:03:40 proto=gpio src=S8 len=3 ts=1007953 : 01 03 56
19:03:41 [SCHED   1008953ms] run_all: running=1
19:03:41 [SCHED   1008953ms] publish[0/S1]: 3 bytes via gpio
19:03:41 proto=gpio src=S1 len=3 ts=1008953 : 01 47 A0
19:03:41 [RULE] R1: ok1 (value=1.000 ts=1008953)
19:03:41 [RULE] R2: ok2 (value=1.000 ts=1008953)
19:03:41 [RULE] R3: ok3 (value=1.000 ts=1008953)
19:03:41 [RULE] R4: bad gpio pin in action='gpio:X=HIGH'
19:03:41 [TRACE] Total Rule Eval (S1): 484us
19:03:41 [SCHED   1008954ms] publish[1/S2]: 3 bytes via gpio
19:03:41 proto=gpio src=S2 len=3 ts=1008954 : 01 76 98
19:03:41 [SCHED   1008954ms] publish[2/S3]: 3 bytes via gpio
19:03:41 proto=gpio src=S3 len=3 ts=1008954 : 01 BD 8C
19:03:41 [SCHED   1008954ms] publish[3/S4]: 3 bytes via gpio
19:03:41 proto=gpio src=S4 len=3 ts=1008954 : 01 03 81
19:03:41 [SCHED   1008955ms] publish[4/S5]: 3 bytes via gpio
19:03:41 proto=gpio src=S5 len=3 ts=1008955 : 01 32 79
19:03:41 [SCHED   1008955ms] publish[5/S6]: 3 bytes via gpio
19:03:41 proto=gpio src=S6 len=3 ts=1008955 : 01 79 6D
19:03:41 [SCHED   1008955ms] publish[6/S7]: 3 bytes via gpio
19:03:41 proto=gpio src=S7 len=3 ts=1008955 : 01 A7 65
19:03:41 [SCHED   1008955ms] publish[7/S8]: 3 bytes via gpio
19:03:41 proto=gpio src=S8 len=3 ts=1008956 : 01 EE 59
19:03:42 --- stop-neg: STOP
19:03:42 STOP
19:03:42 [SCHED   1009956ms] run_all: running=0
19:03:42 [MQTT] Status: Disconnected, Broker: 0.0.0.0
19:03:43 [SCHED   1010956ms] run_all: running=0
19:03:44 [SCHED   1011956ms] run_all: running=0
19:03:44 --- clearrules-neg: CLEARRULES
19:03:45 [RULE] reset
19:03:45 [SCHED   1012957ms] run_all: running=0
19:03:46 [SCHED   1013957ms] run_all: running=0
19:03:47 --- neg-badexpr: BEGINRULE|name=RX|source=S1|calc=x=u8(0)|when=x>>>|action=log:x|ENDRULE
19:03:47 [SCHED   1014957ms] run_all: running=0
19:03:47 [MQTT] Status: Disconnected, Broker: 0.0.0.0
19:03:48 [RULE] added name=RX src=S1 vars=1 action=log:x
19:03:48 RULE: ok
19:03:48 [SCHED   1015958ms] run_all: running=0
19:03:49 [SCHED   1016958ms] run_all: running=0
19:03:49 --- clear-2: CLEAR
19:03:50 [SCHED   1017959ms] reset: cleared 8 slots
19:03:50 [RULE] reset
19:03:50 CLEARED
19:03:50 [SCHED   1017959ms] run_all: running=0
19:03:51 [SCHED   1018959ms] run_all: running=0
19:03:52 --- neg-toolong: AAAAAAAAAAAAAAAAAAAAAAAAAAAAAAAAAAAAAAAAAAAAAAAAAAAAAAAAAAAAAAAAAAAAAAAAAAAAAAAAAAAAAAAAAAAAAAAAAAAAAAAAAAAAAAAAAAAAAAAAAAAAAAAAAAAAAAAAAAAAAAAAAAAAAAAAAAAAAAAAAAAAAAAAAAAAAAAAAAAAAAAAAAAAAAAAAAAAAAAAAAAAAAAAAAAAAAAAAAAAAAAAAAAAAAAAAAAAAAAAAAAAAAAAAAAAAAAAAAAAAAAAAAAAAAAAAAAAAAAAAAAAAAAAAAAAAAAAAAAAAAAAAAAAAAAAAAAAAAAAAAAAAAAAAAAAAAAAAAAAAAAAAAAAAAAAAAAAAAAAAAAAAAAAAAAAAAAAAAAAAAAAAAAAAAAAAAAAAAAAAAAAAAAAAAAAAAAAAAAAAAAAAAAAAAAAAAAAAAAAAAAAAAAAAAAAAAAAAAAAAAAAAAAAAAAAAAAAAAAAAAAAAAAAAAAAAAAAAAAAAAAAAAAAAAAAAAAAAAAAAAAAAAAAAAAAAAAAAAAAAAAAAAAAAAAAAAAAAAAAAAAAAAAAAAAAAAAAAAAAAAAAAAAAAAAAAAAAAAAA
19:03:52 [SCHED   1019960ms] run_all: running=0
19:03:52 [MQTT] Status: Disconnected, Broker: 0.0.0.0
19:03:53 [SCHED   1020960ms] run_all: running=0
19:03:54 [SCHED   1021960ms] run_all: running=0
19:03:55 [SCHED   1022961ms] run_all: running=0
19:03:56 [SCHED   1023961ms] run_all: running=0
19:03:57 [SCHED   1024962ms] run_all: running=0
19:03:57 [MQTT] Status: Disconnected, Broker: 0.0.0.0
19:03:58 [SCHED   1025962ms] run_all: running=0
19:03:59 Line too long
19:03:59 [SCHED   1026963ms] run_all: running=0
